22:36:09 **** Clean-only build of configuration obj for project Bootloader ****
make -j8 clean 
rm -rf  ./User/USB_Host/ch32v20x_usbfs_host.o  ./User/Host_IAP/usb_host_iap.o  ./User/ch32v20x_it.o ./User/main.o ./User/system_ch32v20x.o ./User/utils.o  ./Udisk_Lib/CH32V103UFI.o  ./Startup/startup_ch32v20x_D6.o  ./Peripheral/src/ch32v20x_adc.o ./Peripheral/src/ch32v20x_bkp.o ./Peripheral/src/ch32v20x_can.o ./Peripheral/src/ch32v20x_crc.o ./Peripheral/src/ch32v20x_dbgmcu.o ./Peripheral/src/ch32v20x_dma.o ./Peripheral/src/ch32v20x_exti.o ./Peripheral/src/ch32v20x_flash.o ./Peripheral/src/ch32v20x_gpio.o ./Peripheral/src/ch32v20x_i2c.o ./Peripheral/src/ch32v20x_iwdg.o ./Peripheral/src/ch32v20x_misc.o ./Peripheral/src/ch32v20x_opa.o ./Peripheral/src/ch32v20x_pwr.o ./Peripheral/src/ch32v20x_rcc.o ./Peripheral/src/ch32v20x_rtc.o ./Peripheral/src/ch32v20x_spi.o ./Peripheral/src/ch32v20x_tim.o ./Peripheral/src/ch32v20x_usart.o ./Peripheral/src/ch32v20x_wwdg.o  ./Debug/debug.o  ./Core/core_riscv.o  Bootloader.hex  Bootloader.lst  Bootloader.siz  ./Startup/startup_ch32v20x_D6.d  ./User/USB_Host/ch32v20x_usbfs_host.d  ./User/Host_IAP/usb_host_iap.d  ./User/ch32v20x_it.d ./User/main.d ./User/system_ch32v20x.d ./User/utils.d  ./Udisk_Lib/CH32V103UFI.d  ./Peripheral/src/ch32v20x_adc.d ./Peripheral/src/ch32v20x_bkp.d ./Peripheral/src/ch32v20x_can.d ./Peripheral/src/ch32v20x_crc.d ./Peripheral/src/ch32v20x_dbgmcu.d ./Peripheral/src/ch32v20x_dma.d ./Peripheral/src/ch32v20x_exti.d ./Peripheral/src/ch32v20x_flash.d ./Peripheral/src/ch32v20x_gpio.d ./Peripheral/src/ch32v20x_i2c.d ./Peripheral/src/ch32v20x_iwdg.d ./Peripheral/src/ch32v20x_misc.d ./Peripheral/src/ch32v20x_opa.d ./Peripheral/src/ch32v20x_pwr.d ./Peripheral/src/ch32v20x_rcc.d ./Peripheral/src/ch32v20x_rtc.d ./Peripheral/src/ch32v20x_spi.d ./Peripheral/src/ch32v20x_tim.d ./Peripheral/src/ch32v20x_usart.d ./Peripheral/src/ch32v20x_wwdg.d  ./Debug/debug.d  ./Core/core_riscv.d  Bootloader.elf
22:36:11 **** Build of configuration obj for project Bootloader ****
make -j8 all 
   text	   data	    bss	    dec	    hex	filename
  20156	    176	   4536	  24868	   6124	Bootloader.elf
22:36:15 **** Clean-only build of configuration obj for project RISKYKVM ****
make -j8 clean 
rm -rf  ./User/USB_Host/app_km.o ./User/USB_Host/ch32v20x_usbfs_host.o ./User/USB_Host/usb_gamepad.o ./User/USB_Host/usb_hid_reportparser.o ./User/USB_Host/usb_host_hid.o ./User/USB_Host/usb_host_hub.o ./User/USB_Host/usb_keyboard.o ./User/USB_Host/usb_mouse.o  ./User/ch32v20x_it.o ./User/gamepad.o ./User/gpio.o ./User/keyboard.o ./User/main.o ./User/mouse.o ./User/system_ch32v20x.o ./User/tim.o ./User/utils.o  ./Startup/startup_ch32v20x_D6.o  ./Peripheral/src/ch32v20x_adc.o ./Peripheral/src/ch32v20x_bkp.o ./Peripheral/src/ch32v20x_can.o ./Peripheral/src/ch32v20x_crc.o ./Peripheral/src/ch32v20x_dbgmcu.o ./Peripheral/src/ch32v20x_dma.o ./Peripheral/src/ch32v20x_exti.o ./Peripheral/src/ch32v20x_flash.o ./Peripheral/src/ch32v20x_gpio.o ./Peripheral/src/ch32v20x_i2c.o ./Peripheral/src/ch32v20x_iwdg.o ./Peripheral/src/ch32v20x_misc.o ./Peripheral/src/ch32v20x_opa.o ./Peripheral/src/ch32v20x_pwr.o ./Peripheral/src/ch32v20x_rcc.o ./Peripheral/src/ch32v20x_rtc.o ./Peripheral/src/ch32v20x_spi.o ./Peripheral/src/ch32v20x_tim.o ./Peripheral/src/ch32v20x_usart.o ./Peripheral/src/ch32v20x_wwdg.o  ./Debug/debug.o  ./Core/core_riscv.o  RISKYKVM.hex  RISKYKVM.lst  RISKYKVM.siz  ./Startup/startup_ch32v20x_D6.d  ./User/USB_Host/app_km.d ./User/USB_Host/ch32v20x_usbfs_host.d ./User/USB_Host/usb_gamepad.d ./User/USB_Host/usb_hid_reportparser.d ./User/USB_Host/usb_host_hid.d ./User/USB_Host/usb_host_hub.d ./User/USB_Host/usb_keyboard.d ./User/USB_Host/usb_mouse.d  ./User/ch32v20x_it.d ./User/gamepad.d ./User/gpio.d ./User/keyboard.d ./User/main.d ./User/mouse.d ./User/system_ch32v20x.d ./User/tim.d ./User/utils.d  ./Peripheral/src/ch32v20x_adc.d ./Peripheral/src/ch32v20x_bkp.d ./Peripheral/src/ch32v20x_can.d ./Peripheral/src/ch32v20x_crc.d ./Peripheral/src/ch32v20x_dbgmcu.d ./Peripheral/src/ch32v20x_dma.d ./Peripheral/src/ch32v20x_exti.d ./Peripheral/src/ch32v20x_flash.d ./Peripheral/src/ch32v20x_gpio.d ./Peripheral/src/ch32v20x_i2c.d ./Peripheral/src/ch32v20x_iwdg.d ./Peripheral/src/ch32v20x_misc.d ./Peripheral/src/ch32v20x_opa.d ./Peripheral/src/ch32v20x_pwr.d ./Peripheral/src/ch32v20x_rcc.d ./Peripheral/src/ch32v20x_rtc.d ./Peripheral/src/ch32v20x_spi.d ./Peripheral/src/ch32v20x_tim.d ./Peripheral/src/ch32v20x_usart.d ./Peripheral/src/ch32v20x_wwdg.d  ./Debug/debug.d  ./Core/core_riscv.d  RISKYKVM.elf
22:36:16 **** Build of configuration obj for project RISKYKVM ****
make -j8 all 
   text	   data	    bss	    dec	    hex	filename
  16976	    112	   9012	  26100	   65f4	RISKYKVM.elf
22:36:21 **** Clean-only build of configuration obj for project RISKYKVMBootloader ****
make -j8 clean 
rm -rf  ./User/USB_Host/app_km.o ./User/USB_Host/ch32v20x_usbfs_host.o ./User/USB_Host/usb_gamepad.o ./User/USB_Host/usb_hid_reportparser.o ./User/USB_Host/usb_host_hid.o ./User/USB_Host/usb_host_hub.o ./User/USB_Host/usb_keyboard.o ./User/USB_Host/usb_mouse.o  ./User/ch32v20x_it.o ./User/gamepad.o ./User/gpio.o ./User/keyboard.o ./User/main.o ./User/mouse.o ./User/system_ch32v20x.o ./User/tim.o ./User/utils.o  ./Startup/startup_ch32v20x_D6.o  ./Peripheral/src/ch32v20x_adc.o ./Peripheral/src/ch32v20x_bkp.o ./Peripheral/src/ch32v20x_can.o ./Peripheral/src/ch32v20x_crc.o ./Peripheral/src/ch32v20x_dbgmcu.o ./Peripheral/src/ch32v20x_dma.o ./Peripheral/src/ch32v20x_exti.o ./Peripheral/src/ch32v20x_flash.o ./Peripheral/src/ch32v20x_gpio.o ./Peripheral/src/ch32v20x_i2c.o ./Peripheral/src/ch32v20x_iwdg.o ./Peripheral/src/ch32v20x_misc.o ./Peripheral/src/ch32v20x_opa.o ./Peripheral/src/ch32v20x_pwr.o ./Peripheral/src/ch32v20x_rcc.o ./Peripheral/src/ch32v20x_rtc.o ./Peripheral/src/ch32v20x_spi.o ./Peripheral/src/ch32v20x_tim.o ./Peripheral/src/ch32v20x_usart.o ./Peripheral/src/ch32v20x_wwdg.o  ./Debug/debug.o  ./Core/core_riscv.o  RISKYKVMBootloader.bin  RISKYKVMBootloader.lst  RISKYKVMBootloader.siz  ./Startup/startup_ch32v20x_D6.d  ./User/USB_Host/app_km.d ./User/USB_Host/ch32v20x_usbfs_host.d ./User/USB_Host/usb_gamepad.d ./User/USB_Host/usb_hid_reportparser.d ./User/USB_Host/usb_host_hid.d ./User/USB_Host/usb_host_hub.d ./User/USB_Host/usb_keyboard.d ./User/USB_Host/usb_mouse.d  ./User/ch32v20x_it.d ./User/gamepad.d ./User/gpio.d ./User/keyboard.d ./User/main.d ./User/mouse.d ./User/system_ch32v20x.d ./User/tim.d ./User/utils.d  ./Peripheral/src/ch32v20x_adc.d ./Peripheral/src/ch32v20x_bkp.d ./Peripheral/src/ch32v20x_can.d ./Peripheral/src/ch32v20x_crc.d ./Peripheral/src/ch32v20x_dbgmcu.d ./Peripheral/src/ch32v20x_dma.d ./Peripheral/src/ch32v20x_exti.d ./Peripheral/src/ch32v20x_flash.d ./Peripheral/src/ch32v20x_gpio.d ./Peripheral/src/ch32v20x_i2c.d ./Peripheral/src/ch32v20x_iwdg.d ./Peripheral/src/ch32v20x_misc.d ./Peripheral/src/ch32v20x_opa.d ./Peripheral/src/ch32v20x_pwr.d ./Peripheral/src/ch32v20x_rcc.d ./Peripheral/src/ch32v20x_rtc.d ./Peripheral/src/ch32v20x_spi.d ./Peripheral/src/ch32v20x_tim.d ./Peripheral/src/ch32v20x_usart.d ./Peripheral/src/ch32v20x_wwdg.d  ./Debug/debug.d  ./Core/core_riscv.d  RISKYKVMBootloader.elf
22:36:22 **** Build of configuration obj for project RISKYKVMBootloader ****
make -j8 all 
   text	   data	    bss	    dec	    hex	filename
  22900	    112	   9012	  32024	   7d18	RISKYKVMBootloader.elf
